[debug] [2026-09-14T02:42:21.346Z] ----------------------------------------------------------------------
[debug] [2026-09-14T02:42:21.541Z] Command:       C:\DRIVE E\CODING\node.exe C:\Users\Adminn\AppData\Roaming\npm\node_modules\firebase-tools\lib\bin\firebase.js init hosting
[debug] [2026-09-14T02:42:21.541Z] CLI Version:   15.30.0
[debug] [2026-09-14T02:42:21.541Z] Platform:      win32
[debug] [2026-09-14T02:42:21.542Z] Node Version:  v24.18.0
[debug] [2026-09-14T02:42:21.542Z] Detected Agent: unknown
[debug] [2026-09-14T02:42:21.542Z] Time:          Mon Sep 14 2026 08:12:21 GMT+0530 (India Standard Time)
[debug] [2026-09-14T02:42:21.542Z] ----------------------------------------------------------------------
[debug] 
[debug] [2026-09-14T02:42:21.582Z] >>> [apiv2][query] GET https://firebase-public.firebaseio.com/cli.json [none]
[info] 
     ######## #### ########  ######## ########     ###     ######  ########
     ##        ##  ##     ## ##       ##     ##  ##   ##  ##       ##
     ######    ##  ########  ######   ########  #########  ######  ######
     ##        ##  ##    ##  ##       ##     ## ##     ##       ## ##
     ##       #### ##     ## ######## ########  ##     ##  ######  ########

You're about to initialize a Firebase project in this directory:

  C:\DRIVE E\pitch_panchayat

Before we get started, keep in mind:

  * You are currently outside your home directory

[debug] [2026-09-14T02:43:05.830Z] <<< [apiv2][status] GET https://firebase-public.firebaseio.com/cli.json 200
[debug] [2026-09-14T02:43:05.830Z] <<< [apiv2][body] GET https://firebase-public.firebaseio.com/cli.json {"cloudBuildErrorAfter":1594252800000,"cloudBuildWarnAfter":1590019200000,"defaultNode10After":1594252800000,"minVersion":"3.0.5","node8DeploysDisabledAfter":1613390400000,"node8RuntimeDisabledAfter":1615809600000,"node8WarnAfter":1600128000000}
[info] 
=== Project Setup
[info] 
[info] First, let's associate this project directory with a Firebase project.
[info] You can create multiple project aliases by running firebase use --add, 
[info] 
[debug] [2026-09-14T02:43:18.209Z] > command requires scopes: ["email","openid","https://www.googleapis.com/auth/cloudplatformprojects.readonly","https://www.googleapis.com/auth/firebase","https://www.googleapis.com/auth/cloud-platform"]
[debug] [2026-09-14T02:43:18.248Z] > authorizing via signed-in user (shekharshreyas22@gmail.com)
[debug] [2026-09-14T02:43:18.250Z] Checked if tokens are valid: false, expires at: 1785009041631
[debug] [2026-09-14T02:43:18.250Z] Checked if tokens are valid: false, expires at: 1785009041631
[debug] [2026-09-14T02:43:18.250Z] > refreshing access token with scopes: []
[debug] [2026-09-14T02:43:18.253Z] >>> [apiv2][query] POST https://www.googleapis.com/oauth2/v3/token [none]
[debug] [2026-09-14T02:43:18.253Z] >>> [apiv2][body] POST https://www.googleapis.com/oauth2/v3/token [omitted]
[debug] [2026-09-14T02:43:18.610Z] <<< [apiv2][status] POST https://www.googleapis.com/oauth2/v3/token 200
[debug] [2026-09-14T02:43:18.610Z] <<< [apiv2][body] POST https://www.googleapis.com/oauth2/v3/token [omitted]
[debug] [2026-09-14T02:43:18.755Z] >>> [apiv2][query] GET https://firebase.googleapis.com/v1beta1/projects/pitch-panchayat [none]
[debug] [2026-09-14T02:43:19.317Z] <<< [apiv2][status] GET https://firebase.googleapis.com/v1beta1/projects/pitch-panchayat 200
[debug] [2026-09-14T02:43:19.317Z] <<< [apiv2][body] GET https://firebase.googleapis.com/v1beta1/projects/pitch-panchayat {"projectId":"pitch-panchayat","projectNumber":"253308693302","displayName":"Pitch-panchayat","name":"projects/pitch-panchayat","resources":{"hostingSite":"pitch-panchayat"},"state":"ACTIVE","labels":{"firebase":"enabled"},"etag":"1_c2a24151-8e13-4ef1-a46d-0787c57700b7"}
[info] i  Using project pitch-panchayat (Pitch-panchayat) . 
[info] 
=== Hosting Setup
[debug] [2026-09-14T02:43:19.472Z] Checked if tokens are valid: true, expires at: 1789357397610
[debug] [2026-09-14T02:43:19.473Z] Checked if tokens are valid: true, expires at: 1789357397610
[debug] [2026-09-14T02:43:19.473Z] >>> [apiv2][query] GET https://firebase.googleapis.com/v1beta1/projects/pitch-panchayat [none]
[debug] [2026-09-14T02:43:19.825Z] <<< [apiv2][status] GET https://firebase.googleapis.com/v1beta1/projects/pitch-panchayat 200
[debug] [2026-09-14T02:43:19.825Z] <<< [apiv2][body] GET https://firebase.googleapis.com/v1beta1/projects/pitch-panchayat {"projectId":"pitch-panchayat","projectNumber":"253308693302","displayName":"Pitch-panchayat","name":"projects/pitch-panchayat","resources":{"hostingSite":"pitch-panchayat"},"state":"ACTIVE","labels":{"firebase":"enabled"},"etag":"1_c2a24151-8e13-4ef1-a46d-0787c57700b7"}
[info] 
[info] Your public directory is the folder (relative to your project directory) that
[info] will contain Hosting assets to be uploaded with firebase deploy. If you
[info] have a build process for your assets, use your build's output directory.
[info] 
